2026-07-23 21:02:07 | INFO | ML | === RUN START ===
2026-07-23 21:02:07 | INFO | ML | project=ML
2026-07-23 21:02:07 | INFO | ML | repo_dir=ml-04-regression
2026-07-23 21:02:07 | INFO | ML | python=3.14.2
2026-07-23 21:02:07 | INFO | ML | os=Windows 11
2026-07-23 21:02:07 | INFO | ML | shell=powershell
2026-07-23 21:02:07 | INFO | ML | cwd=.
2026-07-23 21:02:07 | INFO | ML | github_actions=False
2026-07-23 21:02:07 | INFO | ML | === RUN START ===
2026-07-23 21:02:07 | INFO | ML | project=ML
2026-07-23 21:02:07 | INFO | ML | repo_dir=ml-04-regression
2026-07-23 21:02:07 | INFO | ML | python=3.14.2
2026-07-23 21:02:07 | INFO | ML | os=Windows 11
2026-07-23 21:02:07 | INFO | ML | shell=powershell
2026-07-23 21:02:07 | INFO | ML | cwd=.
2026-07-23 21:02:07 | INFO | ML | github_actions=False
2026-07-23 21:02:07 | INFO | ML | ========================
2026-07-23 21:02:07 | INFO | ML | START main()
2026-07-23 21:02:07 | INFO | ML | ========================
2026-07-23 21:02:07 | INFO | ML | Load dataset..............
2026-07-23 21:02:07 | INFO | ML | Loading dataset: hours_scores_case
2026-07-23 21:02:07 | INFO | ML | Loaded: 10 rows, 6 columns
2026-07-23 21:02:07 | DEBUG | ML | 
   hours_studied  practice_quizzes  attendance_pct  sleep_hours  prior_score  score
0            2.0                 1              72          6.0           58     62
1            3.5                 2              80          6.5           61     68
2            4.0                 3              85          7.0           64     72
3            5.0                 3              88          7.5           66     76
4            6.0                 4              90          7.0           70     81
2026-07-23 21:02:07 | INFO | ML | Inspect dataset...........
2026-07-23 21:02:07 | INFO | ML | Column names
2026-07-23 21:02:07 | DEBUG | ML | ['hours_studied', 'practice_quizzes', 'attendance_pct', 'sleep_hours', 'prior_score', 'score']
2026-07-23 21:02:07 | INFO | ML | DataFrame info
2026-07-23 21:02:07 | INFO | ML | Dataset shape: 10 rows, 6 columns
2026-07-23 21:02:07 | INFO | ML | Check data quality........
2026-07-23 21:02:07 | INFO | ML | Missing values by column
2026-07-23 21:02:07 | DEBUG | ML | 
hours_studied       0
practice_quizzes    0
attendance_pct      0
sleep_hours         0
prior_score         0
score               0
dtype: int64
2026-07-23 21:02:07 | INFO | ML | Duplicate row count: 0
2026-07-23 21:02:07 | INFO | ML | Create clean view.........
2026-07-23 21:02:07 | INFO | ML | Creating clean modeling view
2026-07-23 21:02:07 | INFO | ML | Clean view: 10 rows, 6 columns
2026-07-23 21:02:07 | INFO | ML | Train supervised model....
2026-07-23 21:02:07 | INFO | ML | Training LinearRegression model
2026-07-23 21:02:07 | INFO | ML | Mean absolute error: 0.48
2026-07-23 21:02:07 | INFO | ML | R-squared: 1.00
2026-07-23 21:02:07 | INFO | ML | Predict one case..........
2026-07-23 21:02:07 | INFO | ML | Predicting one new case
2026-07-23 21:02:07 | INFO | ML | New case:
   hours_studied  practice_quizzes  attendance_pct  sleep_hours  prior_score
0            6.5                 4              92          7.0           72
2026-07-23 21:02:07 | INFO | ML | Predicted score: 83.4
2026-07-23 21:02:07 | INFO | ML | Create charts.............
2026-07-23 21:02:07 | INFO | ML | Creating chart: hours studied vs score
2026-07-23 21:02:07 | INFO | ML | Creating chart: model coefficients
2026-07-23 21:02:08 | INFO | ML | Got a figure Figure(900x500) and axes Axes(0.125,0.11;0.775x0.77) from plt.subplots().
2026-07-23 21:02:08 | INFO | ML | Summarize workflow........
2026-07-23 21:02:08 | INFO | ML | ========================
2026-07-23 21:02:08 | INFO | ML | SUMMARY
2026-07-23 21:02:08 | INFO | ML | ========================
2026-07-23 21:02:08 | INFO | ML | Dataset: hours_scores_case
2026-07-23 21:02:08 | INFO | ML | Original rows: 10
2026-07-23 21:02:08 | INFO | ML | Clean rows: 10
2026-07-23 21:02:08 | INFO | ML | Features: ['hours_studied', 'practice_quizzes', 'attendance_pct', 'sleep_hours', 'prior_score']
2026-07-23 21:02:08 | INFO | ML | Target: score
2026-07-23 21:02:08 | INFO | ML | ----- in a script, call plt.show() once at the end to display all charts -----
2026-07-23 21:02:08 | INFO | ML | ----- in a script, CLOSE the chart windows with the close button to CONTINUE -----
2026-07-23 21:02:14 | INFO | ML | Workflow complete
2026-07-23 21:02:14 | INFO | ML | IMPORTANT: This script creates chart windows.
2026-07-23 21:02:14 | INFO | ML | Close chart windows and terminate this process with CTRL+c as needed.
2026-07-23 21:02:14 | INFO | ML | ========================
2026-07-23 21:02:14 | INFO | ML | Executed successfully!
2026-07-23 21:02:14 | INFO | ML | ========================
2026-07-23 21:04:24 | INFO | M04 | === RUN START ===
2026-07-23 21:04:24 | INFO | M04 | project=M04
2026-07-23 21:04:24 | INFO | M04 | repo_dir=ml-04-regression
2026-07-23 21:04:24 | INFO | M04 | python=3.14.2
2026-07-23 21:04:24 | INFO | M04 | os=Windows 11
2026-07-23 21:04:24 | INFO | M04 | shell=powershell
2026-07-23 21:04:24 | INFO | M04 | cwd=notebooks
2026-07-23 21:04:24 | INFO | M04 | github_actions=False
2026-07-23 21:04:24 | INFO | M04 | Confirming installation:
2026-07-23 21:04:24 | INFO | M04 |   python:       3.14.2
2026-07-23 21:04:24 | INFO | M04 |   pandas:       3.0.5
2026-07-23 21:04:24 | INFO | M04 |   numpy:        2.5.1
2026-07-23 21:04:24 | INFO | M04 |   scikit-learn: 1.9.0
2026-07-23 21:04:24 | INFO | M04 |   seaborn:      0.13.2
2026-07-23 21:04:24 | INFO | M04 |   matplotlib:   3.11.1
2026-07-23 21:04:24 | INFO | M04 | Loading dataset: penguins
2026-07-23 21:04:24 | INFO | M04 | Loaded: 344 rows (instances), 7 columns
2026-07-23 21:04:24 | INFO | M04 | Original rows: 344  Model rows: 342
2026-07-23 21:04:24 | INFO | M04 | Train instances: 273
2026-07-23 21:04:24 | INFO | M04 | Test instances: 69
2026-07-23 21:04:24 | INFO | M04 | Fitting a linear regression (scikit-learn)
2026-07-23 21:04:24 | INFO | M04 | Fitted line: body_mass_g = 48.8297 * flipper_length_mm + -5614.07
2026-07-23 21:04:24 | INFO | M04 | Fit numbers on the TEST set (for you to interpret):
2026-07-23 21:04:24 | INFO | M04 |   R-squared: 0.7820
2026-07-23 21:04:24 | INFO | M04 |   RMSE:      380.695  (in units of Body mass (g))
2026-07-23 21:04:24 | DEBUG | M04 |   degree= 1  train RMSE=396.474  test RMSE=380.695
2026-07-23 21:04:24 | DEBUG | M04 |   degree= 2  train RMSE=378.915  test RMSE=384.983
2026-07-23 21:04:24 | DEBUG | M04 |   degree= 3  train RMSE=373.966  test RMSE=385.441
2026-07-23 21:04:24 | DEBUG | M04 |   degree= 4  train RMSE=371.674  test RMSE=388.38
2026-07-23 21:04:24 | DEBUG | M04 |   degree= 5  train RMSE=371.609  test RMSE=389.321
2026-07-23 21:04:24 | DEBUG | M04 |   degree= 6  train RMSE=371.408  test RMSE=390.954
2026-07-23 21:04:24 | DEBUG | M04 |   degree= 7  train RMSE=370.732  test RMSE=389.535
2026-07-23 21:04:24 | DEBUG | M04 |   degree= 8  train RMSE=370.598  test RMSE=390.561
2026-07-23 21:04:24 | DEBUG | M04 |   degree= 9  train RMSE=370.542  test RMSE=390.554
2026-07-23 21:04:24 | DEBUG | M04 |   degree=10  train RMSE=370.547  test RMSE=390.545
2026-07-23 21:04:25 | INFO | M04 | ========================
2026-07-23 21:04:25 | INFO | M04 | SUMMARY
2026-07-23 21:04:25 | INFO | M04 | ========================
2026-07-23 21:04:25 | INFO | M04 | Dataset:  penguins
2026-07-23 21:04:25 | INFO | M04 | Feature:  flipper_length_mm  ->  Target: body_mass_g  (regression)
2026-07-23 21:04:25 | INFO | M04 | Line:     body_mass_g = 48.8297 * flipper_length_mm + -5614.07
2026-07-23 21:04:25 | INFO | M04 | ========================
2026-07-25 22:46:11,994 | INFO | M04_ABDELLAH | === CUSTOM REGRESSION PROJECT START ===
2026-07-25 22:46:11,996 | INFO | M04_ABDELLAH | project_root=C:\Repos\ml-04-regression
2026-07-25 22:46:11,998 | INFO | M04_ABDELLAH | python=3.14.2
2026-07-25 22:46:12,003 | INFO | M04_ABDELLAH | pandas=3.0.5
2026-07-25 22:46:12,006 | INFO | M04_ABDELLAH | numpy=2.5.1
2026-07-25 22:46:12,010 | INFO | M04_ABDELLAH | scikit-learn=1.9.0
2026-07-25 22:46:12,013 | INFO | M04_ABDELLAH | seaborn=0.13.2
2026-07-25 22:46:12,023 | INFO | M04_ABDELLAH | matplotlib=3.11.1
2026-07-25 22:46:12,149 | INFO | M04_ABDELLAH | Saved reproducible raw-data copy: C:\Repos\ml-04-regression\data\raw\diabetes_regression.csv
2026-07-25 22:46:12,151 | INFO | M04_ABDELLAH | Dataset: sklearn_diabetes
2026-07-25 22:46:12,153 | INFO | M04_ABDELLAH | Loaded: 442 rows, 11 columns
2026-07-25 22:46:12,155 | INFO | M04_ABDELLAH | Features: ['age', 'sex', 'bmi', 'bp', 's1', 's2', 's3', 's4', 's5', 's6']
2026-07-25 22:46:12,157 | INFO | M04_ABDELLAH | Target: disease_progression
2026-07-25 22:46:12,159 | INFO | M04_ABDELLAH | Missing values: 0
2026-07-25 22:46:12,169 | INFO | M04_ABDELLAH | Duplicate rows: 0
2026-07-25 22:46:12,956 | INFO | M04_ABDELLAH | Saved chart: C:\Repos\ml-04-regression\docs\images\phase5_bmi_vs_progression.png
2026-07-25 22:46:13,201 | INFO | M04_ABDELLAH | Training rows: 353
2026-07-25 22:46:13,203 | INFO | M04_ABDELLAH | Testing rows: 89
2026-07-25 22:46:13,234 | INFO | M04_ABDELLAH | SIMPLE LINEAR REGRESSION
2026-07-25 22:46:13,236 | INFO | M04_ABDELLAH | Equation: disease_progression = 998.5777 * bmi + 152.0034
2026-07-25 22:46:13,237 | INFO | M04_ABDELLAH | R-squared: 0.2334
2026-07-25 22:46:13,239 | INFO | M04_ABDELLAH | MAE: 52.260
2026-07-25 22:46:13,241 | INFO | M04_ABDELLAH | RMSE: 63.732
2026-07-25 22:46:13,949 | INFO | M04_ABDELLAH | Saved chart: C:\Repos\ml-04-regression\docs\images\phase5_simple_residuals.png
2026-07-25 22:46:14,860 | INFO | M04_ABDELLAH | Saved chart: C:\Repos\ml-04-regression\docs\images\phase5_simple_actual_vs_predicted.png
2026-07-25 22:46:15,159 | DEBUG | M04_ABDELLAH | degree= 1 train_RMSE=62.082 test_RMSE=63.732
2026-07-25 22:46:15,161 | DEBUG | M04_ABDELLAH | degree= 2 train_RMSE=62.043 test_RMSE=63.914
2026-07-25 22:46:15,164 | DEBUG | M04_ABDELLAH | degree= 3 train_RMSE=62.036 test_RMSE=63.753
2026-07-25 22:46:15,167 | DEBUG | M04_ABDELLAH | degree= 4 train_RMSE=61.896 test_RMSE=65.009
2026-07-25 22:46:15,169 | DEBUG | M04_ABDELLAH | degree= 5 train_RMSE=61.837 test_RMSE=63.921
2026-07-25 22:46:15,171 | DEBUG | M04_ABDELLAH | degree= 6 train_RMSE=61.768 test_RMSE=63.084
2026-07-25 22:46:15,173 | DEBUG | M04_ABDELLAH | degree= 7 train_RMSE=61.675 test_RMSE=64.754
2026-07-25 22:46:15,176 | DEBUG | M04_ABDELLAH | degree= 8 train_RMSE=61.116 test_RMSE=88.743
2026-07-25 22:46:15,195 | INFO | M04_ABDELLAH | Lowest polynomial test RMSE: degree=6, RMSE=63.084
2026-07-25 22:46:15,688 | INFO | M04_ABDELLAH | Saved chart: C:\Repos\ml-04-regression\docs\images\phase5_polynomial_complexity.png
2026-07-25 22:46:15,893 | INFO | M04_ABDELLAH | MULTIPLE LINEAR REGRESSION
2026-07-25 22:46:15,896 | INFO | M04_ABDELLAH | R-squared: 0.4526
2026-07-25 22:46:15,899 | INFO | M04_ABDELLAH | MAE: 42.794
2026-07-25 22:46:15,901 | INFO | M04_ABDELLAH | RMSE: 53.853
2026-07-25 22:46:16,384 | INFO | M04_ABDELLAH | Saved chart: C:\Repos\ml-04-regression\docs\images\phase5_multiple_actual_vs_predicted.png
2026-07-25 22:46:16,960 | INFO | M04_ABDELLAH | Saved chart: C:\Repos\ml-04-regression\docs\images\phase5_multiple_coefficients.png
2026-07-25 22:46:17,157 | INFO | M04_ABDELLAH | ========================
2026-07-25 22:46:17,159 | INFO | M04_ABDELLAH | CUSTOM PROJECT SUMMARY
2026-07-25 22:46:17,160 | INFO | M04_ABDELLAH | ========================
2026-07-25 22:46:17,161 | INFO | M04_ABDELLAH | Dataset: sklearn_diabetes
2026-07-25 22:46:17,162 | INFO | M04_ABDELLAH | Simple model: bmi -> disease_progression
2026-07-25 22:46:17,164 | INFO | M04_ABDELLAH | Simple metrics: R2=0.2334, MAE=52.260, RMSE=63.732
2026-07-25 22:46:17,166 | INFO | M04_ABDELLAH | Multiple metrics: R2=0.4526, MAE=42.794, RMSE=53.853
2026-07-25 22:46:17,167 | INFO | M04_ABDELLAH | Best polynomial test degree: 6
2026-07-25 22:46:17,168 | INFO | M04_ABDELLAH | Charts saved in: C:\Repos\ml-04-regression\docs\images
2026-07-25 22:46:17,169 | INFO | M04_ABDELLAH | Executed successfully!
2026-07-25 22:46:17,170 | INFO | M04_ABDELLAH | ========================
